// Jest Snapshot v1, https://goo.gl/fbAQLP

exports[`<CheckBox> should render correctly 1`] = `
<label
  className="CheckBox-vabi55-0 iWcCjg"
>
  <input
    aria-invalid={false}
    checked={false}
    className="Input-sc-5hru7g-0 fSdOwe"
    name="checkbox"
    onBlur={[Function]}
    onChange={[Function]}
    onFocus={[Function]}
    type="checkbox"
    value="a"
  />
  <span
    className="Label-f2dhaq-0 fesqLs"
  >
    A
  </span>
</label>
`;
