// Jest Snapshot v1, https://goo.gl/fbAQLP

exports[`<Modal> should render correctly on client 1`] = `
<div
  aria-modal={true}
  className="sc-htpNat YvQfP"
  role="dialog"
>
  <div
    className="sc-bdVaJa bwMdiZ"
    onClick={[Function]}
    role="presentation"
    tabIndex={-1}
  />
  <div
    className="sc-bwzfXH dsSxso"
  >
    alo
  </div>
</div>
`;
