// Jest Snapshot v1, https://goo.gl/fbAQLP

exports[`<Modal> should render correctly on client 1`] = `
<div
  aria-modal={true}
  className="Modal-ipxda4-0 cyrGqr"
  role="dialog"
>
  <div
    className="Backdrop-sc-15fcf5i-0 kvqEGH"
    onClick={[Function]}
    role="presentation"
    tabIndex={-1}
  />
  <div
    className="Content-sc-49c9z3-0 ihSytA"
  >
    alo
  </div>
</div>
`;
