// Jest Snapshot v1, https://goo.gl/fbAQLP

exports[`<Radio> should render correctly 1`] = `
<label
  className="Radio-sc-8k4dv7-0 gyPNIo"
>
  <input
    aria-invalid={false}
    checked={false}
    className="Input-sc-1suizrc-0 eGLUDD"
    name="radio"
    onBlur={[Function]}
    onChange={[Function]}
    onFocus={[Function]}
    type="radio"
    value="a"
  />
  <span
    className="Label-sc-38bv2k-0 ClrwZ"
  >
    A
  </span>
</label>
`;
