// Jest Snapshot v1, https://goo.gl/fbAQLP

exports[`<Select> renders correctly 1`] = `
<select
  aria-invalid={false}
  className="sc-bwzfXH ghoxHQ"
  name="select"
  onBlur={[Function]}
  onChange={[Function]}
  onFocus={[Function]}
  value=""
>
  <option
    value="a"
  >
    A
  </option>
  <option
    value="b"
  >
    B
  </option>
  <option
    value="c"
  >
    C
  </option>
</select>
`;
